{
    "url": "https://example.com",
    "shortcode":"asd123"
}
